Microchip MPLAB XC8 Compiler V2.10 ()

Linker command line:

-W-3 --edf=C:\Program Files (x86)\Microchip\xc8\v2.10\pic\dat\en_msgs.txt \
  -cs -h+dist/default/production\Comandos.X.production.sym \
  --cmf=dist/default/production\Comandos.X.production.cmf -z -Q18F4550 \
  -oC:\Users\angie\AppData\Local\Temp\s6mk.2 --defsym=__MPLAB_BUILD=1 \
  -Mdist/default/production/Comandos.X.production.map -E1 -ver=XC8 \
  --acfsm=1493 -ASTACK=060h-07FFh -pstack=STACK -ACODE=00h-07FFFh \
  -ACONST=00h-07FFFh -ASMALLCONST=0800h-08FFhx120 \
  -AMEDIUMCONST=0800h-07FFFh -ACOMRAM=01h-05Fh -AABS1=00h-07FFh \
  -ABIGRAM=01h-07FFh -ARAM=060h-0FFh,0100h-01FFhx7 -ABANK0=060h-0FFh \
  -ABANK1=0100h-01FFh -ABANK2=0200h-02FFh -ABANK3=0300h-03FFh \
  -ABANK4=0400h-04FFh -ABANK5=0500h-05FFh -ABANK6=0600h-06FFh \
  -ABANK7=0700h-07FFh -ASFR=0F60h-0FFFh \
  -preset_vec=00h,intcode,intcodelo,powerup,init -pramtop=0800h \
  -psmallconst=SMALLCONST -pmediumconst=MEDIUMCONST -pconst=CONST \
  -AFARRAM=00h-00h -ACONFIG=0300000h-030000Dh -pconfig=CONFIG \
  -AIDLOC=0200000h-0200007h -pidloc=IDLOC -AEEDATA=0F00000h-0F000FFh \
  -peeprom_data=EEDATA \
  -prdata=COMRAM,nvrram=COMRAM,nvbit=COMRAM,rbss=COMRAM,rbit=COMRAM \
  -pfarbss=FARRAM,fardata=FARRAM,nvFARRAM=FARRAM \
  -pintsave_regs=BIGRAM,bigbss=BIGRAM,bigdata=BIGRAM -pbss=RAM \
  -pidata=CODE,irdata=CODE,ibigdata=CODE,ifardata=CODE -prparam=COMRAM \
  C:\Users\angie\AppData\Local\Temp\s6mk.o \
  dist/default/production\Comandos.X.production.o 

Object code version is 3.11

Machine type is 18F4550

Call graph: (short form)




                Name                               Link     Load   Length Selector   Space Scale
C:\Users\angie\AppData\Local\Temp\s6mk.o
                init                                  0        0        4        0       0
                idloc                            200000   200000        8   200000       0
                config                           300000   300000        E   300000       0
dist/default/production\Comandos.X.production.o
                text12                             79C0     79C0       16     3CE0       0
                text11                             7AB4     7AB4       52     3D5A       0
                text10                             7CE6     7CE6       84     3E73       0
                text9                              7BEE     7BEE       7C     3DF7       0
                text8                              7C6A     7C6A       7C     3E35       0
                text7                              7EF4     7EF4      10C     3F7A       0
                text6                              7B06     7B06       72     3D83       0
                text5                              79AE     79AE       12     3CD7       0
                text4                              7E10     7E10       E4     3F08       0
                text3                              7B78     7B78       76     3DBC       0
                text2                              7A2C     7A2C       44     3D16       0
                text1                              7A70     7A70       44     3D38       0
                text0                              7D6A     7D6A       A6     3EB5       0
                cstackCOMRAM                         21       21       1E        1       1
                dataCOMRAM                            1        1       20        1       1
                bssCOMRAM                            3F       3F        8        1       1
                cinit                              79F6     79F6       36     3CFB       0
                idataCOMRAM                        79D6     79D6       20     79D6       0

TOTAL           Name                               Link     Load   Length     Space
        CLASS   STACK          

        CLASS   CODE           
                init                                  0        0        4         0
                text12                             79C0     79C0       16         0
                text11                             7AB4     7AB4       52         0
                text10                             7CE6     7CE6       84         0
                text9                              7BEE     7BEE       7C         0
                text8                              7C6A     7C6A       7C         0
                text7                              7EF4     7EF4      10C         0
                text6                              7B06     7B06       72         0
                text5                              79AE     79AE       12         0
                text4                              7E10     7E10       E4         0
                text3                              7B78     7B78       76         0
                text2                              7A2C     7A2C       44         0
                text1                              7A70     7A70       44         0
                text0                              7D6A     7D6A       A6         0
                cinit                              79F6     79F6       36         0
                idataCOMRAM                        79D6     79D6       20         0

        CLASS   CONST          

        CLASS   SMALLCONST     

        CLASS   MEDIUMCONST    

        CLASS   COMRAM         
                cstackCOMRAM                         21       21       1E         1
                dataCOMRAM                            1        1       20         1
                bssCOMRAM                            3F       3F        8         1

        CLASS   ABS1           

        CLASS   BIGRAM         

        CLASS   RAM            

        CLASS   BANK0          

        CLASS   BANK1          

        CLASS   BANK2          

        CLASS   BANK3          

        CLASS   BANK4          

        CLASS   BANK5          

        CLASS   BANK6          

        CLASS   BANK7          

        CLASS   SFR            

        CLASS   FARRAM         

        CLASS   CONFIG         
                config                           300000   300000        E         0

        CLASS   IDLOC          
                idloc                            200000   200000        8         0

        CLASS   EEDATA         



SEGMENTS        Name                           Load    Length   Top    Selector   Space  Class

                reset_vec                      000000  000004  000004         0       0  CODE    
                dataCOMRAM                     000001  000046  000047         1       1  COMRAM  
                text5                          0079AE  000012  0079C0      3CD7       0  CODE    
                text12                         0079C0  000016  0079D6      3CE0       0  CODE    
                idataCOMRAM                    0079D6  000020  0079F6      79D6       0  CODE    
                cinit                          0079F6  000036  007A2C      3CFB       0  CODE    
                text2                          007A2C  000044  007A70      3D16       0  CODE    
                text1                          007A70  000044  007AB4      3D38       0  CODE    
                text11                         007AB4  000052  007B06      3D5A       0  CODE    
                text6                          007B06  000072  007B78      3D83       0  CODE    
                text3                          007B78  000076  007BEE      3DBC       0  CODE    
                text9                          007BEE  00007C  007C6A      3DF7       0  CODE    
                text8                          007C6A  00007C  007CE6      3E35       0  CODE    
                text10                         007CE6  000084  007D6A      3E73       0  CODE    
                text0                          007D6A  0000A6  007E10      3EB5       0  CODE    
                text4                          007E10  0000E4  007EF4      3F08       0  CODE    
                text7                          007EF4  00010C  008000      3F7A       0  CODE    
                idloc                          200000  000008  200008    200000       0  IDLOC   
                config                         300000  00000E  30000E    300000       0  CONFIG  


UNUSED ADDRESS RANGES

        Name                Unused          Largest block    Delta
        BANK0            000060-0000FF               A0
        BANK1            000100-0001FF              100
        BANK2            000200-0002FF              100
        BANK3            000300-0003FF              100
        BANK4            000400-0004FF              100
        BANK5            000500-0005FF              100
        BANK6            000600-0006FF              100
        BANK7            000700-0007FF              100
        BIGRAM           000047-0007FF              7B9
        CODE             000004-0079AD             79AA
        COMRAM           000047-00005F               19
        CONST            000004-0079AD             79AA
        EEDATA           F00000-F000FF              100
        MEDIUMCONST      000800-0079AD             71AE
        RAM              000060-0007FF              100
        SFR              000F60-000FFF               A0
        SMALLCONST       000800-0079AD              100
        STACK            000060-0007FF              7A0

                                  Symbol Table

?___aldiv                 cstackCOMRAM 000021
Coord_Validated@i         cstackCOMRAM 000025
Ins_Validated@i           cstackCOMRAM 000025
Par_Validated@i           cstackCOMRAM 000025
UARTConfi@BAUD            cstackCOMRAM 00002F
UARTWrite@data            cstackCOMRAM 000021
_Coord_Validated          text10       007CE6
_Error                    dataCOMRAM   000018
_Ins_Validated            text9        007BEE
_NextState                bssCOMRAM    00003F
_OSCCON                   (abs)        000FD3
_PIR1bits                 (abs)        000F9E
_PORTC                    (abs)        000F82
_Par1                     bssCOMRAM    000046
_Par2                     bssCOMRAM    000044
_Par_Validated            text8        007C6A
_RCIF                     (abs)        007CF5
_RCREG                    (abs)        000FAE
_RCSTAbits                (abs)        000FAB
_SPBRG                    (abs)        000FAF
_TRISC                    (abs)        000F94
_TRISCbits                (abs)        000F94
_TXREG                    (abs)        000FAD
_TXSTAbits                (abs)        000FAC
_UARTConfi                text6        007B06
_UARTConfi$955            cstackCOMRAM 000031
_UARTRead                 text5        0079AE
_UARTWrite                text12       0079C0
__CFG_FOSC$INTOSC_HS      (abs)        000000
__CFG_LVP$OFF             (abs)        000000
__CFG_MCLRE$OFF           (abs)        000000
__CFG_PBADEN$OFF          (abs)        000000
__CFG_PLLDIV$2            (abs)        000000
__CFG_WDT$OFF             (abs)        000000
__HRAM                    (abs)        000000
__Habs1                   abs1         000000
__Hbank0                  bank0        000000
__Hbank1                  bank1        000000
__Hbank2                  bank2        000000
__Hbank3                  bank3        000000
__Hbank4                  bank4        000000
__Hbank5                  bank5        000000
__Hbank6                  bank6        000000
__Hbank7                  bank7        000000
__Hbigbss                 bigbss       000000
__Hbigdata                bigdata      000000
__Hbigram                 bigram       000000
__Hbss                    bss          000000
__HbssCOMRAM              bssCOMRAM    000000
__Hcinit                  cinit        000000
__Hclrtext                clrtext      000000
__Hcomram                 comram       000000
__Hconfig                 config       30000E
__Hconst                  const        000000
__HcstackCOMRAM           cstackCOMRAM 000000
__Hdata                   data         000000
__HdataCOMRAM             dataCOMRAM   000000
__Heeprom_data            eeprom_data  000000
__Hfarbss                 farbss       000000
__Hfardata                fardata      000000
__Hibigdata               ibigdata     000000
__Hidata                  idata        000000
__HidataCOMRAM            idataCOMRAM  000000
__Hidloc                  idloc        200008
__Hifardata               ifardata     000000
__Hinit                   init         000004
__Hintcode                intcode      000000
__Hintcode_body           intcode_body 000000
__Hintcodelo              intcodelo    000000
__Hintentry               intentry     000000
__Hintret                 intret       000000
__Hintsave_regs           intsave_regs 000000
__Hirdata                 irdata       000000
__Hmediumconst            mediumconst  000000
__HnvFARRAM               nvFARRAM     000000
__Hnvbit                  nvbit        000000
__Hnvrram                 nvrram       000000
__Hparam                  rparam       000000
__Hpowerup                powerup      000000
__Hram                    ram          000000
__Hramtop                 ramtop       000800
__Hrbit                   rbit         000000
__Hrbss                   rbss         000000
__Hrdata                  rdata        000000
__Hreset_vec              reset_vec    000000
__Hrparam                 rparam       000000
__Hsfr                    sfr          000000
__Hsmallconst             smallconst   000000
__Hspace_0                (abs)        30000E
__Hspace_1                (abs)        000047
__Hspace_2                (abs)        000000
__Hstack                  stack        000000
__Hstruct                 struct       000000
__Htemp                   temp         000000
__Htext                   text         000000
__Htext0                  text0        000000
__Htext1                  text1        000000
__Htext10                 text10       000000
__Htext11                 text11       000000
__Htext12                 text12       000000
__Htext2                  text2        000000
__Htext3                  text3        000000
__Htext4                  text4        000000
__Htext5                  text5        000000
__Htext6                  text6        000000
__Htext7                  text7        000000
__Htext8                  text8        000000
__Htext9                  text9        000000
__LRAM                    (abs)        000001
__Labs1                   abs1         000000
__Lbank0                  bank0        000000
__Lbank1                  bank1        000000
__Lbank2                  bank2        000000
__Lbank3                  bank3        000000
__Lbank4                  bank4        000000
__Lbank5                  bank5        000000
__Lbank6                  bank6        000000
__Lbank7                  bank7        000000
__Lbigbss                 bigbss       000000
__Lbigdata                bigdata      000000
__Lbigram                 bigram       000000
__Lbss                    bss          000000
__LbssCOMRAM              bssCOMRAM    000000
__Lcinit                  cinit        000000
__Lclrtext                clrtext      000000
__Lcomram                 comram       000000
__Lconfig                 config       300000
__Lconst                  const        000000
__LcstackCOMRAM           cstackCOMRAM 000000
__Ldata                   data         000000
__LdataCOMRAM             dataCOMRAM   000000
__Leeprom_data            eeprom_data  000000
__Lfarbss                 farbss       000000
__Lfardata                fardata      000000
__Libigdata               ibigdata     000000
__Lidata                  idata        000000
__LidataCOMRAM            idataCOMRAM  000000
__Lidloc                  idloc        200000
__Lifardata               ifardata     000000
__Linit                   init         000000
__Lintcode                intcode      000000
__Lintcode_body           intcode_body 000000
__Lintcodelo              intcodelo    000000
__Lintentry               intentry     000000
__Lintret                 intret       000000
__Lintsave_regs           intsave_regs 000000
__Lirdata                 irdata       000000
__Lmediumconst            mediumconst  000000
__LnvFARRAM               nvFARRAM     000000
__Lnvbit                  nvbit        000000
__Lnvrram                 nvrram       000000
__Lparam                  rparam       000000
__Lpowerup                powerup      000000
__Lram                    ram          000000
__Lramtop                 ramtop       000800
__Lrbit                   rbit         000000
__Lrbss                   rbss         000000
__Lrdata                  rdata        000000
__Lreset_vec              reset_vec    000000
__Lrparam                 rparam       000000
__Lsfr                    sfr          000000
__Lsmallconst             smallconst   000000
__Lspace_0                (abs)        000000
__Lspace_1                (abs)        000000
__Lspace_2                (abs)        000000
__Lstack                  stack        000000
__Lstruct                 struct       000000
__Ltemp                   temp         000000
__Ltext                   text         000000
__Ltext0                  text0        000000
__Ltext1                  text1        000000
__Ltext10                 text10       000000
__Ltext11                 text11       000000
__Ltext12                 text12       000000
__Ltext2                  text2        000000
__Ltext3                  text3        000000
__Ltext4                  text4        000000
__Ltext5                  text5        000000
__Ltext6                  text6        000000
__Ltext7                  text7        000000
__Ltext8                  text8        000000
__Ltext9                  text9        000000
__S0                      (abs)        30000E
__S1                      (abs)        000047
__S2                      (abs)        000000
___aldiv                  text7        007EF4
___aldiv@counter          cstackCOMRAM 000029
___aldiv@dividend         cstackCOMRAM 000021
___aldiv@divisor          cstackCOMRAM 000025
___aldiv@quotient         cstackCOMRAM 00002B
___aldiv@sign             cstackCOMRAM 00002A
___inthi_sp               stack        000000
___intlo_sp               stack        000000
___param_bank             (abs)        000000
___rparam_used            (abs)        000001
___sp                     stack        000000
__accesstop               (abs)        000060
__activetblptr            (abs)        000002
__end_of_Coord_Validated  text10       007D6A
__end_of_Ins_Validated    text9        007C6A
__end_of_Par_Validated    text8        007CE6
__end_of_UARTConfi        text6        007B78
__end_of_UARTRead         text5        0079C0
__end_of_UARTWrite        text12       0079D6
__end_of___aldiv          text7        008000
__end_of__initialization  cinit        007A22
__end_of_cmd              text3        007BEE
__end_of_coord            text4        007EF4
__end_of_delay            text11       007B06
__end_of_end              text2        007A70
__end_of_main             text0        007E10
__end_of_start            text1        007AB4
__initialization          cinit        0079F6
__mediumconst             mediumconst  000000
__pbssCOMRAM              bssCOMRAM    00003F
__pcinit                  cinit        0079F6
__pcstackCOMRAM           cstackCOMRAM 000021
__pdataCOMRAM             dataCOMRAM   000001
__pidataCOMRAM            idataCOMRAM  0079D6
__ptext0                  text0        007D6A
__ptext1                  text1        007A70
__ptext10                 text10       007CE6
__ptext11                 text11       007AB4
__ptext12                 text12       0079C0
__ptext2                  text2        007A2C
__ptext3                  text3        007B78
__ptext4                  text4        007E10
__ptext5                  text5        0079AE
__ptext6                  text6        007B06
__ptext7                  text7        007EF4
__ptext8                  text8        007C6A
__ptext9                  text9        007BEE
__ramtop                  ramtop       000800
__size_of_Coord_Validated (abs)        000000
__size_of_Ins_Validated   (abs)        000000
__size_of_Par_Validated   (abs)        000000
__size_of_UARTConfi       (abs)        000000
__size_of_UARTRead        (abs)        000000
__size_of_UARTWrite       (abs)        000000
__size_of___aldiv         (abs)        000000
__size_of_cmd             (abs)        000000
__size_of_coord           (abs)        000000
__size_of_delay           (abs)        000000
__size_of_end             (abs)        000000
__size_of_main            (abs)        000000
__size_of_start           (abs)        000000
__smallconst              smallconst   000000
_cmd                      text3        007B78
_coord                    text4        007E10
_cord_x                   bssCOMRAM    000042
_cord_y                   bssCOMRAM    000040
_delay                    text11       007AB4
_e_c                      dataCOMRAM   000001
_end                      text2        007A2C
_init                     dataCOMRAM   00000E
_letter                   bssCOMRAM    000045
_main                     text0        007D6A
_okay                     dataCOMRAM   00001D
_start                    text1        007A70
cmd@i                     cstackCOMRAM 00003B
coord@L                   cstackCOMRAM 000023
coord@P1                  cstackCOMRAM 000021
coord@P2                  cstackCOMRAM 000029
coord@buffer              cstackCOMRAM 00002F
coord@i                   cstackCOMRAM 000039
coord@read                cstackCOMRAM 000038
coord@x                   cstackCOMRAM 000025
coord@y                   cstackCOMRAM 000027
delay@i                   cstackCOMRAM 000021
delay@j                   cstackCOMRAM 000023
end@i                     cstackCOMRAM 000025
end_of_initialization     cinit        007A22
intlevel0                 text         000000
intlevel1                 text         000000
intlevel2                 text         000000
intlevel3                 text         000000
stackhi                   (abs)        0007FF
stacklo                   (abs)        000060
start                     init         000000
start@i                   cstackCOMRAM 000025
start_initialization      cinit        0079F6


FUNCTION INFORMATION:

 *************** function _main *****************
 Defined at:
		line 19 in file "coordenadas.c"
 Parameters:    Size  Location     Type
		None
 Auto vars:     Size  Location     Type
		None
 Return value:  Size  Location     Type
                  1    wreg      void 
 Registers used:
		wreg, fsr2l, fsr2h, status,2, status,0, prodl, prodh, cstack
 Tracked objects:
		On entry : 
		On exit  : 
		Unchanged: 
 Data sizes:     COMRAM   BANK0   BANK1   BANK2   BANK3   BANK4   BANK5   BANK6   BANK7
      Params:         0       0       0       0       0       0       0       0       0
      Locals:         0       0       0       0       0       0       0       0       0
      Temps:          2       0       0       0       0       0       0       0       0
      Totals:         2       0       0       0       0       0       0       0       0
Total ram usage:        2 bytes
 Hardware stack levels required when called:    3
 This function calls:
		_Coord_Validated
		_Ins_Validated
		_Par_Validated
		_UARTConfi
		_cmd
		_end
		_start
 This function is called by:
		Startup code after reset
 This function uses a non-reentrant model


 *************** function _start *****************
 Defined at:
		line 25 in file "cases.c"
 Parameters:    Size  Location     Type
		None
 Auto vars:     Size  Location     Type
  i               2    4[COMRAM] int 
 Return value:  Size  Location     Type
                  1    wreg      unsigned char 
 Registers used:
		wreg, fsr2l, fsr2h, status,2, status,0, cstack
 Tracked objects:
		On entry : 
		On exit  : 
		Unchanged: 
 Data sizes:     COMRAM   BANK0   BANK1   BANK2   BANK3   BANK4   BANK5   BANK6   BANK7
      Params:         0       0       0       0       0       0       0       0       0
      Locals:         2       0       0       0       0       0       0       0       0
      Temps:          0       0       0       0       0       0       0       0       0
      Totals:         2       0       0       0       0       0       0       0       0
Total ram usage:        2 bytes
 Hardware stack levels used:    1
 Hardware stack levels required when called:    1
 This function calls:
		_UARTWrite
		_delay
 This function is called by:
		_main
 This function uses a non-reentrant model


 *************** function _end *****************
 Defined at:
		line 98 in file "cases.c"
 Parameters:    Size  Location     Type
		None
 Auto vars:     Size  Location     Type
  i               2    4[COMRAM] int 
 Return value:  Size  Location     Type
                  1    wreg      unsigned char 
 Registers used:
		wreg, fsr2l, fsr2h, status,2, status,0, cstack
 Tracked objects:
		On entry : 
		On exit  : 
		Unchanged: 
 Data sizes:     COMRAM   BANK0   BANK1   BANK2   BANK3   BANK4   BANK5   BANK6   BANK7
      Params:         0       0       0       0       0       0       0       0       0
      Locals:         2       0       0       0       0       0       0       0       0
      Temps:          0       0       0       0       0       0       0       0       0
      Totals:         2       0       0       0       0       0       0       0       0
Total ram usage:        2 bytes
 Hardware stack levels used:    1
 Hardware stack levels required when called:    1
 This function calls:
		_UARTWrite
		_delay
 This function is called by:
		_main
 This function uses a non-reentrant model


 *************** function _cmd *****************
 Defined at:
		line 35 in file "cases.c"
 Parameters:    Size  Location     Type
		None
 Auto vars:     Size  Location     Type
  i               2   26[COMRAM] int 
 Return value:  Size  Location     Type
                  1    wreg      unsigned char 
 Registers used:
		wreg, fsr2l, fsr2h, status,2, status,0, prodl, prodh, cstack
 Tracked objects:
		On entry : 
		On exit  : 
		Unchanged: 
 Data sizes:     COMRAM   BANK0   BANK1   BANK2   BANK3   BANK4   BANK5   BANK6   BANK7
      Params:         0       0       0       0       0       0       0       0       0
      Locals:         2       0       0       0       0       0       0       0       0
      Temps:          0       0       0       0       0       0       0       0       0
      Totals:         2       0       0       0       0       0       0       0       0
Total ram usage:        2 bytes
 Hardware stack levels used:    1
 Hardware stack levels required when called:    2
 This function calls:
		_UARTWrite
		_coord
 This function is called by:
		_main
 This function uses a non-reentrant model


 *************** function _coord *****************
 Defined at:
		line 108 in file "cases.c"
 Parameters:    Size  Location     Type
  P1              2    0[COMRAM] PTR unsigned char 
		 -> Par1(1), 
  L               2    2[COMRAM] PTR unsigned char 
		 -> letter(1), 
  x               2    4[COMRAM] PTR unsigned short 
		 -> cord_x(2), 
  y               2    6[COMRAM] PTR unsigned short 
		 -> cord_y(2), 
  P2              2    8[COMRAM] PTR unsigned char 
		 -> Par2(1), 
 Auto vars:     Size  Location     Type
  i               2   24[COMRAM] int 
  buffer          9   14[COMRAM] unsigned char [9]
  read            1   23[COMRAM] unsigned char 
 Return value:  Size  Location     Type
                  2    0[COMRAM] int 
 Registers used:
		wreg, fsr2l, fsr2h, status,2, status,0, prodl, prodh, cstack
 Tracked objects:
		On entry : 
		On exit  : 
		Unchanged: 
 Data sizes:     COMRAM   BANK0   BANK1   BANK2   BANK3   BANK4   BANK5   BANK6   BANK7
      Params:        10       0       0       0       0       0       0       0       0
      Locals:        12       0       0       0       0       0       0       0       0
      Temps:          4       0       0       0       0       0       0       0       0
      Totals:        26       0       0       0       0       0       0       0       0
Total ram usage:       26 bytes
 Hardware stack levels used:    1
 Hardware stack levels required when called:    1
 This function calls:
		_UARTRead
 This function is called by:
		_cmd
 This function uses a non-reentrant model


 *************** function _UARTRead *****************
 Defined at:
		line 30 in file "UART.c"
 Parameters:    Size  Location     Type
		None
 Auto vars:     Size  Location     Type
		None
 Return value:  Size  Location     Type
                  1    wreg      unsigned char 
 Registers used:
		wreg, status,2
 Tracked objects:
		On entry : 
		On exit  : 
		Unchanged: 
 Data sizes:     COMRAM   BANK0   BANK1   BANK2   BANK3   BANK4   BANK5   BANK6   BANK7
      Params:         0       0       0       0       0       0       0       0       0
      Locals:         0       0       0       0       0       0       0       0       0
      Temps:          0       0       0       0       0       0       0       0       0
      Totals:         0       0       0       0       0       0       0       0       0
Total ram usage:        0 bytes
 Hardware stack levels used:    1
 This function calls:
		Nothing
 This function is called by:
		_coord
 This function uses a non-reentrant model


 *************** function _UARTConfi *****************
 Defined at:
		line 5 in file "UART.c"
 Parameters:    Size  Location     Type
  BAUD            2   14[COMRAM] int 
 Auto vars:     Size  Location     Type
		None
 Return value:  Size  Location     Type
                  1    wreg      void 
 Registers used:
		wreg, status,2, status,0, cstack
 Tracked objects:
		On entry : 
		On exit  : 
		Unchanged: 
 Data sizes:     COMRAM   BANK0   BANK1   BANK2   BANK3   BANK4   BANK5   BANK6   BANK7
      Params:         2       0       0       0       0       0       0       0       0
      Locals:         4       0       0       0       0       0       0       0       0
      Temps:          0       0       0       0       0       0       0       0       0
      Totals:         6       0       0       0       0       0       0       0       0
Total ram usage:        6 bytes
 Hardware stack levels used:    1
 Hardware stack levels required when called:    1
 This function calls:
		___aldiv
 This function is called by:
		_main
 This function uses a non-reentrant model


 *************** function ___aldiv *****************
 Defined at:
		line 7 in file "C:\Program Files (x86)\Microchip\xc8\v2.10\pic\sources\c99\common\aldiv.c"
 Parameters:    Size  Location     Type
  dividend        4    0[COMRAM] long 
  divisor         4    4[COMRAM] long 
 Auto vars:     Size  Location     Type
  quotient        4   10[COMRAM] long 
  sign            1    9[COMRAM] unsigned char 
  counter         1    8[COMRAM] unsigned char 
 Return value:  Size  Location     Type
                  4    0[COMRAM] long 
 Registers used:
		wreg, status,2, status,0
 Tracked objects:
		On entry : 
		On exit  : 
		Unchanged: 
 Data sizes:     COMRAM   BANK0   BANK1   BANK2   BANK3   BANK4   BANK5   BANK6   BANK7
      Params:         8       0       0       0       0       0       0       0       0
      Locals:         6       0       0       0       0       0       0       0       0
      Temps:          0       0       0       0       0       0       0       0       0
      Totals:        14       0       0       0       0       0       0       0       0
Total ram usage:       14 bytes
 Hardware stack levels used:    1
 This function calls:
		Nothing
 This function is called by:
		_UARTConfi
 This function uses a non-reentrant model


 *************** function _Par_Validated *****************
 Defined at:
		line 46 in file "cases.c"
 Parameters:    Size  Location     Type
		None
 Auto vars:     Size  Location     Type
  i               2    4[COMRAM] int 
 Return value:  Size  Location     Type
                  1    wreg      unsigned char 
 Registers used:
		wreg, fsr2l, fsr2h, status,2, status,0, cstack
 Tracked objects:
		On entry : 
		On exit  : 
		Unchanged: 
 Data sizes:     COMRAM   BANK0   BANK1   BANK2   BANK3   BANK4   BANK5   BANK6   BANK7
      Params:         0       0       0       0       0       0       0       0       0
      Locals:         2       0       0       0       0       0       0       0       0
      Temps:          0       0       0       0       0       0       0       0       0
      Totals:         2       0       0       0       0       0       0       0       0
Total ram usage:        2 bytes
 Hardware stack levels used:    1
 Hardware stack levels required when called:    1
 This function calls:
		_UARTWrite
		_delay
 This function is called by:
		_main
 This function uses a non-reentrant model


 *************** function _Ins_Validated *****************
 Defined at:
		line 63 in file "cases.c"
 Parameters:    Size  Location     Type
		None
 Auto vars:     Size  Location     Type
  i               2    4[COMRAM] int 
 Return value:  Size  Location     Type
                  1    wreg      unsigned char 
 Registers used:
		wreg, fsr2l, fsr2h, status,2, status,0, cstack
 Tracked objects:
		On entry : 
		On exit  : 
		Unchanged: 
 Data sizes:     COMRAM   BANK0   BANK1   BANK2   BANK3   BANK4   BANK5   BANK6   BANK7
      Params:         0       0       0       0       0       0       0       0       0
      Locals:         2       0       0       0       0       0       0       0       0
      Temps:          0       0       0       0       0       0       0       0       0
      Totals:         2       0       0       0       0       0       0       0       0
Total ram usage:        2 bytes
 Hardware stack levels used:    1
 Hardware stack levels required when called:    1
 This function calls:
		_UARTWrite
		_delay
 This function is called by:
		_main
 This function uses a non-reentrant model


 *************** function _Coord_Validated *****************
 Defined at:
		line 80 in file "cases.c"
 Parameters:    Size  Location     Type
		None
 Auto vars:     Size  Location     Type
  i               2    4[COMRAM] int 
 Return value:  Size  Location     Type
                  1    wreg      unsigned char 
 Registers used:
		wreg, fsr2l, fsr2h, status,2, status,0, cstack
 Tracked objects:
		On entry : 
		On exit  : 
		Unchanged: 
 Data sizes:     COMRAM   BANK0   BANK1   BANK2   BANK3   BANK4   BANK5   BANK6   BANK7
      Params:         0       0       0       0       0       0       0       0       0
      Locals:         2       0       0       0       0       0       0       0       0
      Temps:          0       0       0       0       0       0       0       0       0
      Totals:         2       0       0       0       0       0       0       0       0
Total ram usage:        2 bytes
 Hardware stack levels used:    1
 Hardware stack levels required when called:    1
 This function calls:
		_UARTWrite
		_delay
 This function is called by:
		_main
 This function uses a non-reentrant model


 *************** function _delay *****************
 Defined at:
		line 16 in file "cases.c"
 Parameters:    Size  Location     Type
		None
 Auto vars:     Size  Location     Type
  j               2    2[COMRAM] int 
  i               2    0[COMRAM] int 
 Return value:  Size  Location     Type
                  1    wreg      void 
 Registers used:
		wreg, status,2, status,0
 Tracked objects:
		On entry : 
		On exit  : 
		Unchanged: 
 Data sizes:     COMRAM   BANK0   BANK1   BANK2   BANK3   BANK4   BANK5   BANK6   BANK7
      Params:         0       0       0       0       0       0       0       0       0
      Locals:         4       0       0       0       0       0       0       0       0
      Temps:          0       0       0       0       0       0       0       0       0
      Totals:         4       0       0       0       0       0       0       0       0
Total ram usage:        4 bytes
 Hardware stack levels used:    1
 This function calls:
		Nothing
 This function is called by:
		_start
		_Par_Validated
		_Ins_Validated
		_Coord_Validated
		_end
 This function uses a non-reentrant model


 *************** function _UARTWrite *****************
 Defined at:
		line 24 in file "UART.c"
 Parameters:    Size  Location     Type
  data            1    wreg     unsigned char 
 Auto vars:     Size  Location     Type
  data            1    0[COMRAM] unsigned char 
 Return value:  Size  Location     Type
                  1    wreg      void 
 Registers used:
		wreg
 Tracked objects:
		On entry : 
		On exit  : 
		Unchanged: 
 Data sizes:     COMRAM   BANK0   BANK1   BANK2   BANK3   BANK4   BANK5   BANK6   BANK7
      Params:         0       0       0       0       0       0       0       0       0
      Locals:         1       0       0       0       0       0       0       0       0
      Temps:          0       0       0       0       0       0       0       0       0
      Totals:         1       0       0       0       0       0       0       0       0
Total ram usage:        1 bytes
 Hardware stack levels used:    1
 This function calls:
		Nothing
 This function is called by:
		_start
		_cmd
		_Par_Validated
		_Ins_Validated
		_Coord_Validated
		_end
 This function uses a non-reentrant model



MODULE INFORMATION

Module		Function		Class		Link	Load	Size
UART.c
		_UARTConfi     		CODE           	7B06	0000	115
		_UARTWrite     		CODE           	79C0	0000	23
		_UARTRead      		CODE           	79AE	0000	19

UART.c estimated size: 157

C:\Program Files (x86)\Microchip\xc8\v2.10\pic\sources\c99\common\aldiv.c
		___aldiv       		CODE           	7EF4	0000	269

C:\Program Files (x86)\Microchip\xc8\v2.10\pic\sources\c99\common\aldiv.c estimated size: 269

shared
		__initialization		CODE           	79F6	0000	45

shared estimated size: 45

coordenadas.c
		_main          		CODE           	7D6A	0000	167

coordenadas.c estimated size: 167

cases.c
		_delay         		CODE           	7AB4	0000	83
		_coord         		CODE           	7E10	0000	229
		_Coord_Validated		CODE           	7CE6	0000	133
		_Par_Validated 		CODE           	7C6A	0000	125
		_start         		CODE           	7A70	0000	69
		_cmd           		CODE           	7B78	0000	119
		_end           		CODE           	7A2C	0000	69
		_Ins_Validated 		CODE           	7BEE	0000	125

cases.c estimated size: 952

