Microchip MPLAB XC8 Compiler V2.10 ()

Linker command line:

-W-3 --edf=C:\Program Files (x86)\Microchip\xc8\v2.10\pic\dat\en_msgs.txt \
  -cs -h+dist/default/production\PWMAppliedYa.X.production.sym \
  --cmf=dist/default/production\PWMAppliedYa.X.production.cmf -z -Q18F4550 \
  -oC:\Users\angie\AppData\Local\Temp\seak.2 --defsym=__MPLAB_BUILD=1 \
  -Mdist/default/production/PWMAppliedYa.X.production.map -E1 -ver=XC8 \
  --acfsm=1493 -ASTACK=060h-07FFh -pstack=STACK -ACODE=00h-07FFFh \
  -ACONST=00h-07FFFh -ASMALLCONST=0800h-08FFhx120 \
  -AMEDIUMCONST=0800h-07FFFh -ACOMRAM=01h-05Fh -AABS1=00h-07FFh \
  -ABIGRAM=01h-07FFh -ARAM=060h-0FFh,0100h-01FFhx7 -ABANK0=060h-0FFh \
  -ABANK1=0100h-01FFh -ABANK2=0200h-02FFh -ABANK3=0300h-03FFh \
  -ABANK4=0400h-04FFh -ABANK5=0500h-05FFh -ABANK6=0600h-06FFh \
  -ABANK7=0700h-07FFh -ASFR=0F60h-0FFFh \
  -preset_vec=00h,intcode,intcodelo,powerup,init -pramtop=0800h \
  -psmallconst=SMALLCONST -pmediumconst=MEDIUMCONST -pconst=CONST \
  -AFARRAM=00h-00h -ACONFIG=0300000h-030000Dh -pconfig=CONFIG \
  -AIDLOC=0200000h-0200007h -pidloc=IDLOC -AEEDATA=0F00000h-0F000FFh \
  -peeprom_data=EEDATA \
  -prdata=COMRAM,nvrram=COMRAM,nvbit=COMRAM,rbss=COMRAM,rbit=COMRAM \
  -pfarbss=FARRAM,fardata=FARRAM,nvFARRAM=FARRAM \
  -pintsave_regs=BIGRAM,bigbss=BIGRAM,bigdata=BIGRAM -pbss=RAM \
  -pidata=CODE,irdata=CODE,ibigdata=CODE,ifardata=CODE -prparam=COMRAM \
  C:\Users\angie\AppData\Local\Temp\seak.o \
  dist/default/production\PWMAppliedYa.X.production.o 

Object code version is 3.11

Machine type is 18F4550

Call graph: (short form)




                Name                               Link     Load   Length Selector   Space Scale
C:\Users\angie\AppData\Local\Temp\seak.o
                init                                  0        0        4        0       0
                idloc                            200000   200000        8   200000       0
                config                           300000   300000        E   300000       0
dist/default/production\PWMAppliedYa.X.production.o
                text5                              7E78     7E78       32     3F3C       0
                text4                              7E4E     7E4E       2A     3F27       0
                text3                              7F20     7F20       68     3F90       0
                text2                              7EE0     7EE0       40     3F70       0
                text1                              7EAA     7EAA       36     3F55       0
                text0                              7F88     7F88       78     3FC4       0
                cstackCOMRAM                         21       21        9        1       1
                bssCOMRAM                             1        1       20        1       1
                cinit                              7E3C     7E3C       12     3F1E       0
                nvCOMRAM                             2A       2A        6        1       1

TOTAL           Name                               Link     Load   Length     Space
        CLASS   STACK          

        CLASS   CODE           
                init                                  0        0        4         0
                text5                              7E78     7E78       32         0
                text4                              7E4E     7E4E       2A         0
                text3                              7F20     7F20       68         0
                text2                              7EE0     7EE0       40         0
                text1                              7EAA     7EAA       36         0
                text0                              7F88     7F88       78         0
                cinit                              7E3C     7E3C       12         0

        CLASS   CONST          

        CLASS   SMALLCONST     

        CLASS   MEDIUMCONST    

        CLASS   COMRAM         
                cstackCOMRAM                         21       21        9         1
                bssCOMRAM                             1        1       20         1
                nvCOMRAM                             2A       2A        6         1

        CLASS   ABS1           

        CLASS   BIGRAM         

        CLASS   RAM            

        CLASS   BANK0          

        CLASS   BANK1          

        CLASS   BANK2          

        CLASS   BANK3          

        CLASS   BANK4          

        CLASS   BANK5          

        CLASS   BANK6          

        CLASS   BANK7          

        CLASS   SFR            

        CLASS   FARRAM         

        CLASS   CONFIG         
                config                           300000   300000        E         0

        CLASS   IDLOC          
                idloc                            200000   200000        8         0

        CLASS   EEDATA         



SEGMENTS        Name                           Load    Length   Top    Selector   Space  Class

                reset_vec                      000000  000004  000004         0       0  CODE    
                bssCOMRAM                      000001  00002F  000030         1       1  COMRAM  
                cinit                          007E3C  000012  007E4E      3F1E       0  CODE    
                text4                          007E4E  00002A  007E78      3F27       0  CODE    
                text5                          007E78  000032  007EAA      3F3C       0  CODE    
                text1                          007EAA  000036  007EE0      3F55       0  CODE    
                text2                          007EE0  000040  007F20      3F70       0  CODE    
                text3                          007F20  000068  007F88      3F90       0  CODE    
                text0                          007F88  000078  008000      3FC4       0  CODE    
                idloc                          200000  000008  200008    200000       0  IDLOC   
                config                         300000  00000E  30000E    300000       0  CONFIG  


UNUSED ADDRESS RANGES

        Name                Unused          Largest block    Delta
        BANK0            000060-0000FF               A0
        BANK1            000100-0001FF              100
        BANK2            000200-0002FF              100
        BANK3            000300-0003FF              100
        BANK4            000400-0004FF              100
        BANK5            000500-0005FF              100
        BANK6            000600-0006FF              100
        BANK7            000700-0007FF              100
        BIGRAM           000030-0007FF              7D0
        CODE             000004-007E3B             7E38
        COMRAM           000030-00005F               30
        CONST            000004-007E3B             7E38
        EEDATA           F00000-F000FF              100
        MEDIUMCONST      000800-007E3B             763C
        RAM              000060-0007FF              100
        SFR              000F60-000FFF               A0
        SMALLCONST       000800-007E3B              100
        STACK            000060-0007FF              7A0

                                  Symbol Table

?_ContarPulsos           cstackCOMRAM 000021
?_PWMx                   cstackCOMRAM 000024
ContarPulsos@pasos       cstackCOMRAM 000021
PWMx@distancia           cstackCOMRAM 000024
PWMx@pasos               cstackCOMRAM 000026
_ADCON1                  (abs)        000FC1
_CCP1CON                 (abs)        000FBD
_CCP2CON                 (abs)        000FBA
_CCPR1L                  (abs)        000FBE
_CCPR2L                  (abs)        000FBB
_CMCON                   (abs)        000FB4
_CVRCONbits              (abs)        000FB5
_ContarPulsos            text3        007F20
_CoordAntX               bssCOMRAM    00001F
_CoordAntY               bssCOMRAM    00001D
_CoordNewX               bssCOMRAM    000019
_CoordNewY               bssCOMRAM    00001B
_CoordRelatX             nvCOMRAM     00002E
_CoordRelatY             nvCOMRAM     00002C
_LedIsOn1                bssCOMRAM    000005
_LedIsOn2                bssCOMRAM    000007
_MovMotorA               bssCOMRAM    000017
_MovMotorB               bssCOMRAM    000015
_OSCCON                  (abs)        000FD3
_OneShot                 text5        007E78
_PORTCbits               (abs)        000F82
_PORTDbits               (abs)        000F83
_PR2                     (abs)        000FCB
_PWMx                    text2        007EE0
_PasosActuales           bssCOMRAM    000001
_PasosActualesA          bssCOMRAM    00000B
_PasosActualesB          bssCOMRAM    000009
_ResetOneShot            text4        007E4E
_SetUp                   text1        007EAA
_T2CON                   (abs)        000FCA
_TMR2                    (abs)        000FCC
_TMR2ON                  (abs)        007E52
_TRISC1                  (abs)        007CA1
_TRISC2                  (abs)        007CA2
_TRISCbits               (abs)        000F94
__CFG_BOR$ON             (abs)        000000
__CFG_BORV$3             (abs)        000000
__CFG_CCP2MX$ON          (abs)        000000
__CFG_CP0$OFF            (abs)        000000
__CFG_CP1$OFF            (abs)        000000
__CFG_CP2$OFF            (abs)        000000
__CFG_CP3$OFF            (abs)        000000
__CFG_CPB$OFF            (abs)        000000
__CFG_CPD$OFF            (abs)        000000
__CFG_EBTR0$OFF          (abs)        000000
__CFG_EBTR1$OFF          (abs)        000000
__CFG_EBTR2$OFF          (abs)        000000
__CFG_EBTR3$OFF          (abs)        000000
__CFG_EBTRB$OFF          (abs)        000000
__CFG_FCMEN$OFF          (abs)        000000
__CFG_FOSC$INTOSC_EC     (abs)        000000
__CFG_ICPRT$OFF          (abs)        000000
__CFG_IESO$OFF           (abs)        000000
__CFG_LPT1OSC$OFF        (abs)        000000
__CFG_LVP$OFF            (abs)        000000
__CFG_MCLRE$OFF          (abs)        000000
__CFG_PBADEN$ON          (abs)        000000
__CFG_PWRT$OFF           (abs)        000000
__CFG_STVREN$ON          (abs)        000000
__CFG_VREGEN$OFF         (abs)        000000
__CFG_WDT$OFF            (abs)        000000
__CFG_WDTPS$32768        (abs)        000000
__CFG_WRT0$OFF           (abs)        000000
__CFG_WRT1$OFF           (abs)        000000
__CFG_WRT2$OFF           (abs)        000000
__CFG_WRT3$OFF           (abs)        000000
__CFG_WRTB$OFF           (abs)        000000
__CFG_WRTC$OFF           (abs)        000000
__CFG_WRTD$OFF           (abs)        000000
__CFG_XINST$OFF          (abs)        000000
__HRAM                   (abs)        000000
__Habs1                  abs1         000000
__Hbank0                 bank0        000000
__Hbank1                 bank1        000000
__Hbank2                 bank2        000000
__Hbank3                 bank3        000000
__Hbank4                 bank4        000000
__Hbank5                 bank5        000000
__Hbank6                 bank6        000000
__Hbank7                 bank7        000000
__Hbigbss                bigbss       000000
__Hbigdata               bigdata      000000
__Hbigram                bigram       000000
__Hbss                   bss          000000
__HbssCOMRAM             bssCOMRAM    000000
__Hcinit                 cinit        000000
__Hclrtext               clrtext      000000
__Hcomram                comram       000000
__Hconfig                config       30000E
__Hconst                 const        000000
__HcstackCOMRAM          cstackCOMRAM 000000
__Hdata                  data         000000
__Heeprom_data           eeprom_data  000000
__Hfarbss                farbss       000000
__Hfardata               fardata      000000
__Hibigdata              ibigdata     000000
__Hidata                 idata        000000
__Hidloc                 idloc        200008
__Hifardata              ifardata     000000
__Hinit                  init         000004
__Hintcode               intcode      000000
__Hintcode_body          intcode_body 000000
__Hintcodelo             intcodelo    000000
__Hintentry              intentry     000000
__Hintret                intret       000000
__Hintsave_regs          intsave_regs 000000
__Hirdata                irdata       000000
__Hmediumconst           mediumconst  000000
__HnvCOMRAM              nvCOMRAM     000000
__HnvFARRAM              nvFARRAM     000000
__Hnvbit                 nvbit        000000
__Hnvrram                nvrram       000000
__Hparam                 rparam       000000
__Hpowerup               powerup      000000
__Hram                   ram          000000
__Hramtop                ramtop       000800
__Hrbit                  rbit         000000
__Hrbss                  rbss         000000
__Hrdata                 rdata        000000
__Hreset_vec             reset_vec    000000
__Hrparam                rparam       000000
__Hsfr                   sfr          000000
__Hsmallconst            smallconst   000000
__Hspace_0               (abs)        30000E
__Hspace_1               (abs)        000030
__Hspace_2               (abs)        000000
__Hstack                 stack        000000
__Hstruct                struct       000000
__Htemp                  temp         000000
__Htext                  text         000000
__Htext0                 text0        000000
__Htext1                 text1        000000
__Htext2                 text2        000000
__Htext3                 text3        000000
__Htext4                 text4        000000
__Htext5                 text5        000000
__LRAM                   (abs)        000001
__Labs1                  abs1         000000
__Lbank0                 bank0        000000
__Lbank1                 bank1        000000
__Lbank2                 bank2        000000
__Lbank3                 bank3        000000
__Lbank4                 bank4        000000
__Lbank5                 bank5        000000
__Lbank6                 bank6        000000
__Lbank7                 bank7        000000
__Lbigbss                bigbss       000000
__Lbigdata               bigdata      000000
__Lbigram                bigram       000000
__Lbss                   bss          000000
__LbssCOMRAM             bssCOMRAM    000000
__Lcinit                 cinit        000000
__Lclrtext               clrtext      000000
__Lcomram                comram       000000
__Lconfig                config       300000
__Lconst                 const        000000
__LcstackCOMRAM          cstackCOMRAM 000000
__Ldata                  data         000000
__Leeprom_data           eeprom_data  000000
__Lfarbss                farbss       000000
__Lfardata               fardata      000000
__Libigdata              ibigdata     000000
__Lidata                 idata        000000
__Lidloc                 idloc        200000
__Lifardata              ifardata     000000
__Linit                  init         000000
__Lintcode               intcode      000000
__Lintcode_body          intcode_body 000000
__Lintcodelo             intcodelo    000000
__Lintentry              intentry     000000
__Lintret                intret       000000
__Lintsave_regs          intsave_regs 000000
__Lirdata                irdata       000000
__Lmediumconst           mediumconst  000000
__LnvCOMRAM              nvCOMRAM     000000
__LnvFARRAM              nvFARRAM     000000
__Lnvbit                 nvbit        000000
__Lnvrram                nvrram       000000
__Lparam                 rparam       000000
__Lpowerup               powerup      000000
__Lram                   ram          000000
__Lramtop                ramtop       000800
__Lrbit                  rbit         000000
__Lrbss                  rbss         000000
__Lrdata                 rdata        000000
__Lreset_vec             reset_vec    000000
__Lrparam                rparam       000000
__Lsfr                   sfr          000000
__Lsmallconst            smallconst   000000
__Lspace_0               (abs)        000000
__Lspace_1               (abs)        000000
__Lspace_2               (abs)        000000
__Lstack                 stack        000000
__Lstruct                struct       000000
__Ltemp                  temp         000000
__Ltext                  text         000000
__Ltext0                 text0        000000
__Ltext1                 text1        000000
__Ltext2                 text2        000000
__Ltext3                 text3        000000
__Ltext4                 text4        000000
__Ltext5                 text5        000000
__S0                     (abs)        30000E
__S1                     (abs)        000030
__S2                     (abs)        000000
___inthi_sp              stack        000000
___intlo_sp              stack        000000
___param_bank            (abs)        000000
___rparam_used           (abs)        000001
___sp                    stack        000000
__accesstop              (abs)        000060
__activetblptr           (abs)        000000
__end_of_ContarPulsos    text3        007F88
__end_of_OneShot         text5        007EAA
__end_of_PWMx            text2        007F20
__end_of_ResetOneShot    text4        007E78
__end_of_SetUp           text1        007EE0
__end_of__initialization cinit        007E48
__end_of_main            text0        008000
__initialization         cinit        007E3C
__mediumconst            mediumconst  000000
__pbssCOMRAM             bssCOMRAM    000001
__pcinit                 cinit        007E3C
__pcstackCOMRAM          cstackCOMRAM 000021
__pnvCOMRAM              nvCOMRAM     00002A
__ptext0                 text0        007F88
__ptext1                 text1        007EAA
__ptext2                 text2        007EE0
__ptext3                 text3        007F20
__ptext4                 text4        007E4E
__ptext5                 text5        007E78
__ramtop                 ramtop       000800
__size_of_ContarPulsos   (abs)        000000
__size_of_OneShot        (abs)        000000
__size_of_PWMx           (abs)        000000
__size_of_ResetOneShot   (abs)        000000
__size_of_SetUp          (abs)        000000
__size_of_main           (abs)        000000
__smallconst             smallconst   000000
_dirA                    bssCOMRAM    000013
_dirB                    bssCOMRAM    000011
_main                    text0        007F88
_ons                     bssCOMRAM    000003
_pasosA                  bssCOMRAM    00000F
_pasosB                  bssCOMRAM    00000D
_pasosRecorridos         nvCOMRAM     00002A
end_of_initialization    cinit        007E48
intlevel0                text         000000
intlevel1                text         000000
intlevel2                text         000000
intlevel3                text         000000
stackhi                  (abs)        0007FF
stacklo                  (abs)        000060
start                    init         000000
start_initialization     cinit        007E3C


FUNCTION INFORMATION:

 *************** function _main *****************
 Defined at:
		line 40 in file "PWMAppliedYa.c"
 Parameters:    Size  Location     Type
		None
 Auto vars:     Size  Location     Type
		None
 Return value:  Size  Location     Type
                  1    wreg      void 
 Registers used:
		wreg, status,2, status,0, cstack
 Tracked objects:
		On entry : 
		On exit  : 
		Unchanged: 
 Data sizes:     COMRAM   BANK0   BANK1   BANK2   BANK3   BANK4   BANK5   BANK6   BANK7
      Params:         0       0       0       0       0       0       0       0       0
      Locals:         0       0       0       0       0       0       0       0       0
      Temps:          2       0       0       0       0       0       0       0       0
      Totals:         2       0       0       0       0       0       0       0       0
Total ram usage:        2 bytes
 Hardware stack levels required when called:    3
 This function calls:
		_PWMx
		_SetUp
 This function is called by:
		Startup code after reset
 This function uses a non-reentrant model


 *************** function _SetUp *****************
 Defined at:
		line 68 in file "PWMAppliedYa.c"
 Parameters:    Size  Location     Type
		None
 Auto vars:     Size  Location     Type
		None
 Return value:  Size  Location     Type
                  1    wreg      void 
 Registers used:
		wreg, status,2
 Tracked objects:
		On entry : 
		On exit  : 
		Unchanged: 
 Data sizes:     COMRAM   BANK0   BANK1   BANK2   BANK3   BANK4   BANK5   BANK6   BANK7
      Params:         0       0       0       0       0       0       0       0       0
      Locals:         0       0       0       0       0       0       0       0       0
      Temps:          0       0       0       0       0       0       0       0       0
      Totals:         0       0       0       0       0       0       0       0       0
Total ram usage:        0 bytes
 Hardware stack levels used:    1
 This function calls:
		Nothing
 This function is called by:
		_main
 This function uses a non-reentrant model


 *************** function _PWMx *****************
 Defined at:
		line 108 in file "PWMAppliedYa.c"
 Parameters:    Size  Location     Type
  distancia       2    3[COMRAM] int 
 Auto vars:     Size  Location     Type
  pasos           2    5[COMRAM] int 
 Return value:  Size  Location     Type
                  2    3[COMRAM] int 
 Registers used:
		wreg, status,2, status,0, cstack
 Tracked objects:
		On entry : 
		On exit  : 
		Unchanged: 
 Data sizes:     COMRAM   BANK0   BANK1   BANK2   BANK3   BANK4   BANK5   BANK6   BANK7
      Params:         2       0       0       0       0       0       0       0       0
      Locals:         2       0       0       0       0       0       0       0       0
      Temps:          0       0       0       0       0       0       0       0       0
      Totals:         4       0       0       0       0       0       0       0       0
Total ram usage:        4 bytes
 Hardware stack levels used:    1
 Hardware stack levels required when called:    2
 This function calls:
		_ContarPulsos
 This function is called by:
		_main
 This function uses a non-reentrant model


 *************** function _ContarPulsos *****************
 Defined at:
		line 135 in file "PWMAppliedYa.c"
 Parameters:    Size  Location     Type
  pasos           2    0[COMRAM] int 
 Auto vars:     Size  Location     Type
		None
 Return value:  Size  Location     Type
                  2    0[COMRAM] int 
 Registers used:
		wreg, status,2, status,0, cstack
 Tracked objects:
		On entry : 
		On exit  : 
		Unchanged: 
 Data sizes:     COMRAM   BANK0   BANK1   BANK2   BANK3   BANK4   BANK5   BANK6   BANK7
      Params:         2       0       0       0       0       0       0       0       0
      Locals:         0       0       0       0       0       0       0       0       0
      Temps:          1       0       0       0       0       0       0       0       0
      Totals:         3       0       0       0       0       0       0       0       0
Total ram usage:        3 bytes
 Hardware stack levels used:    1
 Hardware stack levels required when called:    1
 This function calls:
		_OneShot
		_ResetOneShot
 This function is called by:
		_PWMx
		_PWMy
 This function uses a non-reentrant model


 *************** function _ResetOneShot *****************
 Defined at:
		line 156 in file "PWMAppliedYa.c"
 Parameters:    Size  Location     Type
		None
 Auto vars:     Size  Location     Type
		None
 Return value:  Size  Location     Type
                  1    wreg      void 
 Registers used:
		wreg, status,2
 Tracked objects:
		On entry : 
		On exit  : 
		Unchanged: 
 Data sizes:     COMRAM   BANK0   BANK1   BANK2   BANK3   BANK4   BANK5   BANK6   BANK7
      Params:         0       0       0       0       0       0       0       0       0
      Locals:         0       0       0       0       0       0       0       0       0
      Temps:          0       0       0       0       0       0       0       0       0
      Totals:         0       0       0       0       0       0       0       0       0
Total ram usage:        0 bytes
 Hardware stack levels used:    1
 This function calls:
		Nothing
 This function is called by:
		_ContarPulsos
 This function uses a non-reentrant model


 *************** function _OneShot *****************
 Defined at:
		line 148 in file "PWMAppliedYa.c"
 Parameters:    Size  Location     Type
		None
 Auto vars:     Size  Location     Type
		None
 Return value:  Size  Location     Type
                  1    wreg      void 
 Registers used:
		wreg, status,2, status,0
 Tracked objects:
		On entry : 
		On exit  : 
		Unchanged: 
 Data sizes:     COMRAM   BANK0   BANK1   BANK2   BANK3   BANK4   BANK5   BANK6   BANK7
      Params:         0       0       0       0       0       0       0       0       0
      Locals:         0       0       0       0       0       0       0       0       0
      Temps:          0       0       0       0       0       0       0       0       0
      Totals:         0       0       0       0       0       0       0       0       0
Total ram usage:        0 bytes
 Hardware stack levels used:    1
 This function calls:
		Nothing
 This function is called by:
		_ContarPulsos
 This function uses a non-reentrant model



MODULE INFORMATION

Module		Function		Class		Link	Load	Size
PWMAppliedYa.c
		_main          		CODE           	7F88	0000	121
		_PWMx          		CODE           	7EE0	0000	65
		_ResetOneShot  		CODE           	7E4E	0000	43
		_OneShot       		CODE           	7E78	0000	51
		_SetUp         		CODE           	7EAA	0000	55
		_ContarPulsos  		CODE           	7F20	0000	105

PWMAppliedYa.c estimated size: 440

shared
		__initialization		CODE           	7E3C	0000	13

shared estimated size: 13

